type error at 4:5: field `x` is never initialized — it must be set on every path of the constructor, or given an initializer
    int x;
    ^
  [E-FIELD-UNINITIALIZED]
  hint: assign `this.x = …` unconditionally in the constructor, give the field an initializer (`int x = 0;`), make it a promoted ctor param (`constructor(public int x)`), or make it optional (`int? x;`, defaults to null)
type error at 8:15: `Point` expects 0 argument(s), found 1
    Point p = new Point(1);
              ^
type error at 9:13: unknown identifier `x`
    int v = x;
            ^
  [E-UNKNOWN-IDENT]
  hint: did you mean `p`?
